// Jest Snapshot v1, https://goo.gl/fbAQLP

exports[`Trabajando en GifExpertApp Debe de mostrar la snapshot 1`] = `
<div>
  <h2>
    GifExpertApp
  </h2>
  <AddCategory
    setCategory={[Function]}
  />
  <hr />
  <ol>
    <GifGrid
      category="One Punch"
      key="One Punch"
    />
  </ol>
</div>
`;
